VIVA_TRACE_SUMMARY|967d2488-507f-427d-9399-8667def2523e|phát nhạc lên.|media_play|Allow|e2e_ms=2091
VIVA_TRACE_SUMMARY|a5f0865e-230f-45d1-87cd-4f479109edef|chuyển bay tiếp.|unknown|Deny:G3_UNSUPPORTED|e2e_ms=1585
VIVA_TRACE_SUMMARY|c2cf78e6-3ae9-4831-a55c-ce3b00d8c21d|nhiệt độ lên hai tư độ.|hvac_set_temp|Allow|e2e_ms=1250
VIVA_TRACE_SUMMARY|ee9b78cb-8281-4de2-a295-6d115d8045c2|tóc độ hiện tại là bao nhiêu.|unknown|Deny:G3_UNSUPPORTED|e2e_ms=1277
VIVA_TRACE_SUMMARY|8d1db088-d2b1-414b-9cd9-fc2057bd2b5f|cho tôi biết tốc độ hiện tại.|vehicle_status_speed|Allow|e2e_ms=1313
VIVA_TRACE_SUMMARY|8c7b2162-046a-4eaa-b565-26eda056c7ce|cho tôi biết xen hiện tại.|unknown|Deny:G3_UNSUPPORTED|e2e_ms=1459
VIVA_TRACE_SUMMARY|d0042c65-5802-4143-b374-771a49ae5030|cho tôi biết xăng hiện tại.|unknown|Deny:G3_UNSUPPORTED|e2e_ms=1274
VIVA_TRACE_SUMMARY|0598dfdd-92bb-4710-9a8a-70e71fb85b13|cho tôi biết săn hiện tại.|unknown|Deny:G3_UNSUPPORTED|e2e_ms=1360
VIVA_TRACE_SUMMARY|d9b3f982-a020-4041-a2af-ae39c88bf62a|trên bài tiếp theo.|media_next|Allow|e2e_ms=1252
VIVA_TRACE_SUMMARY|c44a7174-d78c-4a9f-95ac-744f4a723608|hãy mở cửa.|door_lock|Deny:G1_SPEED_LOCK|e2e_ms=1334
VIVA_TRACE_SUMMARY|9d9fad8a-b8ec-4c15-859b-c36dcf1bda6b|cho tôi biết tin tình tại.|unknown|Deny:G3_UNSUPPORTED|e2e_ms=1271
VIVA_TRACE_SUMMARY|b23a30a5-c0c2-489c-b373-682ff3c8b07f|cho tôi biết nhiên liệu hiện tại.|vehicle_status_fuel|Allow|e2e_ms=1684
VIVA_TRACE_SUMMARY|09877574-07e3-443d-8a04-e9fb6f96b690|phát nhạc đi.|media_play|Allow|e2e_ms=1301
VIVA_TRACE_SUMMARY|42716972-f21d-4695-b4c7-dac6e35bf0e9|chuyển bài tiếp theo.|media_next|Allow|e2e_ms=1311
VIVA_TRACE_SUMMARY|060bd6aa-c786-4414-aa0b-b0e08dbd003c|giảm nhiệt độ xuống hai hai độ.|hvac_set_temp|Allow|e2e_ms=1307
VIVA_TRACE_SUMMARY|a5c367ac-ec44-46bc-9ab7-f01a23a3a39f|tăng nhiệt độ lên hai sáu độ.|hvac_set_temp|Allow|e2e_ms=1420
VIVA_TRACE_SUMMARY|645fabf7-421f-4b3d-ab0a-33106fc6653d|mức hai.|unknown|Deny:G3_UNSUPPORTED|e2e_ms=1366
VIVA_TRACE_SUMMARY|cddff393-0487-4b7c-879d-af21e6fe63fc|tăng quạt lên mức năm.|hvac_set_fan|Allow|e2e_ms=1230
VIVA_TRACE_SUMMARY|51a41c36-5de8-4e35-9034-7cc697a4f8c9|dãm quạt xuống mức một.|hvac_set_fan|Allow|e2e_ms=1351
VIVA_TRACE_SUMMARY|d7753d3a-874f-41c2-8157-4b1efd0e1f7c|cho tôi biết tốc độ hiện tại.|vehicle_status_speed|Allow|e2e_ms=1403
VIVA_TRACE_SUMMARY|85100766-3213-4018-a7fa-10290438dc06|cho tôi biết nhiên liệu hiện tại.|vehicle_status_fuel|Allow|e2e_ms=1520
VIVA_TRACE_SUMMARY|d669f5b2-86d2-4e9d-bceb-9ad2ae10303a|mở cửa.|door_lock|Deny:G1_SPEED_LOCK|e2e_ms=1336
VIVA_TRACE_SUMMARY|e709006a-1c3a-40f8-89d3-4c2ab22cae02|cho tôi biết mức tinh hiện tại.|unknown|Deny:G3_UNSUPPORTED|e2e_ms=1423
VIVA_TRACE_SUMMARY|1e26f97a-8dd8-4346-8d2a-6e3b8d8f358d|cho tôi biết mức binh hiện tại.|unknown|Deny:G3_UNSUPPORTED|e2e_ms=1393
VIVA_TRACE_SUMMARY|01c91e83-6d93-46f7-becc-23ac6dbfc01d|cho tôi biết mức binh hiện tại.|unknown|Deny:G3_UNSUPPORTED|e2e_ms=1274
